<testsuites id="" name="" tests="2" failures="0" skipped="0" errors="0" time="17.376339">
<testsuite name="example.spec.ts" timestamp="2025-12-24T03:29:48.066Z" hostname="chromium" tests="2" failures="0" skipped="0" time="12.703" errors="0">
<testcase name="example › has title @homePage" classname="example.spec.ts" time="5.457">
</testcase>
<testcase name="example › get started link @homePage" classname="example.spec.ts" time="7.246">
</testcase>
</testsuite>
</testsuites>